// Jest Snapshot v1, https://goo.gl/fbAQLP

exports[`Captura del componente <Seccion.jsx> Fotito :3 1`] = `
<div>
  <div>
    <div
      id="introSeccion"
    >
      <div
        id="seccion-img"
      >
        <img
          alt="hola"
          src="https://cdn.pixabay.com/photo/2017/07/03/20/17/colorful-2468874_640.jpg"
        />
      </div>
      <div
        id="seccion-p"
      >
        <p>
          Lorem ipsum dolor, sit amet consectetur adipisicing elit. Iure nesciunt modi excepturi molestiae explicabo quaerat iste reprehenderit saepe fugit ab incidunt, expedita illo voluptatem, ipsum enim neque optio similique porro.
        </p>
      </div>
    </div>
  </div>
</div>
`;
